{
    "@context": "http://purl.imsglobal.org/ctx/caliper/v1p2",
    "action": "NavigatedTo",
    "actor": {
        "id": "http://localhost:18000/user/32e08e30-f8ae-4ce2-94a8-c2bfe38a70cb",
        "type": "Person"
    },
    "eventTime": "2020-08-04T12:43:57.705Z",
    "id": "urn:uuid:47946874-7ce0-4465-9efe-9b2510c45310",
    "object": {
        "id": "http://localhost:18000/courses/course-v1:edX+DemoX+Demo_Course/jump_to/block-v1:edX+DemoX+Demo_Course+type@sequential+block@48ecb924d7fe4b66a230137626bfa93e",
        "type": "DigitalResource",
        "name": "Lesson 3 - Be Social",
        "extensions": {
          "isPartOf": {
            "id": "http://localhost:18000/course/course-v1:edX+DemoX+Demo_Course",
            "type": "CourseOffering"
          }
        }
    },
    "extensions": {
      "eventVersion": "1.0"
    },
    "type": "NavigationEvent"
}
