{
    "@context": "http://purl.imsglobal.org/ctx/caliper/v1p2",
    "action": "DisabledClosedCaptioning",
    "actor": {
        "id": "http://localhost:18000/user/32e08e30-f8ae-4ce2-94a8-c2bfe38a70cb",
        "type": "Person"
    },
    "eventTime": "2022-11-16T08:05:01.963Z",
    "id": "urn:uuid:4c53b337-b72f-4a36-b0ea-17fb335e18ab",
    "object": {
        "duration": "PT3M14S",
        "extensions": {
          "isPartOf": {
            "id": "http://localhost:18000/course/course-v1:edX+DemoX+Demo_Course",
            "type": "CourseOffering"
          }
        },
        "id": "http://localhost:18000/xblock/block-v1:edX+DemoX+Demo_Course+type@video+block@0b9e39477cf34507a7a48f74be381fdd",
        "type": "VideoObject"
    },
    "target": {
        "currentTime": "PT21.133524S",
        "id": "_:MediaLocation",
        "type": "MediaLocation"
    },
    "extensions": {
      "transformerVersion": "event-routing-backends@1.1.1"
    },
    "session": {
      "id": "http://localhost:18000/sessions/95522acebdda19758bd98a456a640afa",
      "type": "Session"
    },
    "type": "MediaEvent"
}
