{
    "@context": "http://purl.imsglobal.org/ctx/caliper/v1p2",
    "action": "Viewed",
    "actor": {
        "id": "http://localhost:18000/user/32e08e30-f8ae-4ce2-94a8-c2bfe38a70cb",
        "type": "Person"
    },
    "eventTime": "2020-07-15T06:09:37.404Z",
    "id": "urn:uuid:39e7b46a-64a4-4f86-9a40-b55b36a1f3c8",
    "object": {
        "extensions": {
            "isPartOf": {
              "id": "http://localhost:18000/course/course-v1:edX+DemoX+Demo_Course",
              "type": "CourseOffering"
            }
        },
        "id": "http://localhost:18000/xblock/block-v1:edX+DemoX+Demo_Course+type@problem+block@07adfed616844fa780c606b55270a090/hint/1",
        "type": "Annotation",
        "name": "Hint"
    },
    "extensions": {
      "eventVersion": "1.0"
    },
    "type": "Event"
}
