{
    "@context": "http://purl.imsglobal.org/ctx/caliper/v1p2",
    "action": "Submitted",
    "actor": {
        "id": "http://localhost:18000/user/32e08e30-f8ae-4ce2-94a8-c2bfe38a70cb",
        "type": "Person"
    },
    "eventTime": "2020-07-15T05:59:29.700Z",
    "id": "urn:uuid:b52eb5c3-350f-45c2-9f03-aa642b7ad30d",
    "object": {
        "extensions": {
            "isPartOf": {
              "id": "http://localhost:18000/course/course-v1:edX+DemoX+Demo_Course",
              "type": "CourseOffering"
            }
        },
        "id": "http://localhost:18000/xblock/block-v1:edX+DemoX+Demo_Course+type@problem+block@3fc5461f86764ad7bdbdf6cbdde61e66",
        "type": "Assessment"
    },
    "extensions": {
      "eventVersion": "1.0"
    },
    "type": "AssessmentEvent"
}
