{
    "@context": "http://purl.imsglobal.org/ctx/caliper/v1p2",
    "action": "Completed",
    "actor": {
        "id": "32e08e30-f8ae-4ce2-94a8-c2bfe38a70cb",
        "type": "Person"
    },
    "eventTime": "2020-07-15T05:59:29.700Z",
    "id": "urn:uuid:39e7b46a-64a4-4f86-9a40-b55b36a1f3c8",
    "object": {
        "extensions": {
            "course_id": "course-v1:edX+DemoX+Demo_Course",
            "event_transaction_id": "07adb7b7-db7e-4cfd-9d69-5474a4c5774c",
            "event_transaction_type": "edx.grades.problem.submitted",
            "weighted_possible": 1,
            "weighted_earned": 0
        },
        "id": "block-v1:edX+DemoX+Demo_Course+type@problem+block@3fc5461f86764ad7bdbdf6cbdde61e66",
        "type": "AssessmentItem"
    },
    "extensions": {
      "eventVersion": "1.0"
    },
    "type": "AssessmentItemEvent"
}
