{
    "@context": "http://purl.imsglobal.org/ctx/caliper/v1p2",
    "action": "NavigatedTo",
    "actor": {
        "id": "32e08e30-f8ae-4ce2-94a8-c2bfe38a70cb",
        "type": "Person"
    },
    "eventTime": "2020-07-14T14:25:39.394Z",
    "id": "urn:uuid:39e7b46a-64a4-4f86-9a40-b55b36a1f3c8",
    "object": {
        "extensions": {
            "current_tab": 5,
            "tab_count": 10,
            "widget_placement": "top"
        },
        "id": "block-v1:edX+DemoX+Demo_Course+type@sequential+block@19a30717eff543078a5d94ae9d6c18a5",
        "type": "WebPage"
    },
    "extensions": {
      "eventVersion": "1.0"
    },
    "type": "NavigationEvent"
}
