{
    "@context": "http://purl.imsglobal.org/ctx/caliper/v1p2",
    "action": "Started",
    "actor": {
        "id": "32e08e30-f8ae-4ce2-94a8-c2bfe38a70cb",
        "type": "Person"
    },
    "eventTime": "2020-07-15T06:52:55.057Z",
    "id": "urn:uuid:4c53b337-b72f-4a36-b0ea-17fb335e18ab",
    "object": {
        "duration": "P0D",
        "extensions": {
            "course_id": "course-v1:edX+DemoX+Demo_Course",
            "id": "0b9e39477cf34507a7a48f74be381fdd"
        },
        "id": "block-v1:edX+DemoX+Demo_Course+type@video+block@0b9e39477cf34507a7a48f74be381fdd",
        "type": "VideoObject"
    },
    "target": {
        "id": "block-v1:edX+DemoX+Demo_Course+type@video+block@0b9e39477cf34507a7a48f74be381fdd",
        "type": "MediaLocation"
    },
    "extensions": {
      "eventVersion": "1.0"
    },
    "type": "MediaEvent"
}
