{
    "@context": "http://purl.imsglobal.org/ctx/caliper/v1p2",
    "action": "JumpedTo",
    "actor": {
        "id": "32e08e30-f8ae-4ce2-94a8-c2bfe38a70cb",
        "type": "Person"
    },
    "eventTime": "2020-07-15T06:58:28.027Z",
    "id": "urn:uuid:0c2521d1-2449-42fe-85d9-c706040b0d6d",
    "object": {
        "duration": "PT3M15S",
        "extensions": {
            "course_id": "course-v1:edX+DemoX+Demo_Course",
            "id": "0b9e39477cf34507a7a48f74be381fdd",
            "new_time": "PT10S",
            "old_time": "PT3M14.381S"
        },
        "id": "block-v1:course-v1:edX+DemoX+Demo_Course+type@video+block@0b9e39477cf34507a7a48f74be381fdd",
        "type": "VideoObject"
    },
    "extensions": {
      "eventVersion": "1.0"
    },
    "type": "MediaEvent"
}
