{
    "@context": "http://purl.imsglobal.org/ctx/caliper/v1p2",
    "action": "Ended",
    "actor": {
        "id": "32e08e30-f8ae-4ce2-94a8-c2bfe38a70cb",
        "type": "Person"
    },
    "eventTime": "2020-07-15T06:46:41.543Z",
    "id": "urn:uuid:9929774a-8599-4d44-9262-01d63ba4c216",
    "object": {
        "duration": "PT3M15S",
        "extensions": {
            "course_id": "course-v1:edX+DemoX+Demo_Course",
            "currentTime": "PT3M14S",
            "id": "0b9e39477cf34507a7a48f74be381fdd"
        },
        "id": "block-v1:edX+DemoX+Demo_Course+type@video+block@0b9e39477cf34507a7a48f74be381fdd",
        "type": "VideoObject"
    },
    "extensions": {
      "eventVersion": "1.0"
    },
    "type": "MediaEvent"
}
