{
  "id": "32e08e30-f8ae-4ce2-94a8-c2bfe38a70cb",
  "result": {
    "score": {
      "scaled": 0.02,
      "raw": 0.02,
      "min": 0.0,
      "max": 1.0
    },
    "extensions": {
      "http://www.tincanapi.co.uk/activitytypes/grade_classification": "Fail"
    }
  },
  "version": "1.0.3",
  "actor": {
    "objectType": "Agent",
    "account": {
      "name": "32e08e30-f8ae-4ce2-94a8-c2bfe38a70cb",
      "homePage": "http://localhost:18000"
    }
  },
  "verb": {
    "id": "http://id.tincanapi.com/verb/earned",
    "display": {
      "en": "earned"
    }
  },
  "object": {
    "id": "http://localhost:18000/course/course-v1:edX+DemoX+Demo_Course",
    "objectType": "Activity",
    "definition": {
      "name": {
        "en": "Demonstration Course"
      },
      "type": "http://adlnet.gov/expapi/activities/course"
    }
  },
  "timestamp": "2023-08-23T20:37:45.526615+00:00",
  "context": {
    "contextActivities": {
      "parent": [
        {
          "id": "http://localhost:18000/course/course-v1:edX+DemoX+Demo_Course",
          "objectType": "Activity",
          "definition": {
            "name": {
              "en-US": "Demonstration Course"
            },
            "type": "http://adlnet.gov/expapi/activities/course"
          }
        }
      ]
    },
    "extensions": {
      "https://w3id.org/xapi/openedx/extension/transformer-version": "event-routing-backends@1.1.1",
      "https://w3id.org/xapi/openedx/extensions/session-id": "056aca2a1c6b76742b283e73d3424453"
    }
  }
}
