{
    "id": "6d1f033b-3f70-458c-b53a-e6bb63cbaef9",
    "actor": {
        "objectType": "Agent",
        "account": {"homePage": "http://localhost:18000", "name": "32e08e30-f8ae-4ce2-94a8-c2bfe38a70cb"}
    },
    "context": {
        "contextActivities": {
            "parent": [
                {
                    "id": "http://localhost:18000/course/course-v1:testX+XAPI101+2019_T2",
                    "objectType": "Activity",
                    "definition": {
                      "name": {
                        "en-US": "Demonstration Course"
                      },
                      "type": "http://adlnet.gov/expapi/activities/course"
                    }
                }
            ]
        },
        "extensions": {
            "https://w3id.org/xapi/openedx/extension/transformer-version": "event-routing-backends@1.1.1",
            "https://w3id.org/xapi/openedx/extensions/session-id": "9be7677aefad3235abeb0241f2bea142",
            "https://w3id.org/xapi/acrossx/extensions/type": "up"
        }
    },
    "object": {
        "definition": {
            "type": "http://id.tincanapi.com/activitytype/discussion"
        },
        "id": "http://localhost:18000/api/discussion/v1/comments/64b7b640e68f350033690932",
        "objectType": "Activity"
    },
    "timestamp": "2023-07-19T10:26:30.857649+00:00",
    "verb": {
        "display": {
            "en": "voted"
        },
        "id": "https://w3id.org/xapi/openedx/verb/voted"
    },
    "version": "1.0.3"
}
