{
    "id": "1940cdf9-6a89-5cb7-82f9-5b0955584db8",
    "actor": {
        "objectType": "Agent",
        "account": {"homePage": "http://localhost:18000", "name": "32e08e30-f8ae-4ce2-94a8-c2bfe38a70cb"}
    },
    "context": {
        "contextActivities": {
            "parent": [
                {
                    "id": "http://localhost:18000/course/course-v1:edX+DemoX+Demo_Course",
                    "objectType": "Activity",
                    "definition": {
                      "name": {
                        "en-US": "Demonstration Course"
                      },
                      "type": "http://adlnet.gov/expapi/activities/course"
                    }
                }
            ]
        },
        "extensions": {
            "https://w3id.org/xapi/openedx/extension/transformer-version": "event-routing-backends@1.1.1",
            "https://w3id.org/xapi/openedx/extensions/session-id": "993110e9c27848a545da74a74114158d"
        }
    },
    "object": {
        "definition": {
            "type": "http://adlnet.gov/expapi/activities/cmi.interaction"
        },
        "id": "block-v1:edX+DemoX+Demo_Course+type@problem+block@3fc5461f86764ad7bdbdf6cbdde61e66",
        "objectType": "Activity"
    },
    "timestamp": "2020-07-15T05:59:29.700909+00:00",
    "verb": {
        "display": {
            "en": "completed"
        },
        "id": "http://adlnet.gov/expapi/verbs/completed"
    },
    "version": "1.0.3"
}
