{
    "id": "6d1f033b-3f70-458c-b53a-e6bb63cbaef9",
    "actor": {
        "openid": "https://openedx.org/users/user-v1/32e08e30-f8ae-4ce2-94a8-c2bfe38a70cb",
        "objectType": "Agent"
    },
    "context": {
        "contextActivities": {
            "parent": [
                {
                    "id": "http://localhost:18000/courses/course-v1:edX+DemoX+Demo_Course/",
                    "objectType": "Activity",
                    "definition": {
                      "name": {
                        "en-US": "Demonstration Course"
                      },
                      "type": "http://adlnet.gov/expapi/activities/course"
                    }
                }
            ]
        }
    },
    "object": {
        "definition": {
            "type": "http://adlnet.gov/expapi/activities/link"
        },
        "id": "http://localhost:18000/courses/course-v1:edX+DemoX+Demo_Course/jump_to/block-v1:edX+DemoX+Demo_Course+type@sequential+block@6ab9c442501d472c8ed200e367b4edfa",
        "objectType": "Activity"
    },
    "timestamp": "2020-07-14T14:33:28.973761+00:00",
    "verb": {
        "display": {
            "en": "navigated"
        },
        "id": "https://w3id.org/xapi/dod-isd/verbs/navigated"
    },
    "version": "1.0.3"
}
