{
  "id": "eb1aa991-fbf2-5ea4-a699-7533030f0c44",
  "version": "1.0.3",
  "actor": {
    "objectType": "Agent",
    "account": { "name": "32e08e30-f8ae-4ce2-94a8-c2bfe38a70cb", "homePage": "http://localhost:18000" }
  },
  "verb": { "id": "http://adlnet.gov/expapi/verbs/initialized", "display": { "en": "initialized" } },
  "object": {
    "id": "block-v1:edX+DemoX+Demo_Course+type@sequential+block@5b4bf8d7d41c4070b299abefed74155e",
    "objectType": "Activity",
    "definition": {
      "name": { "en": "Subsection" },
      "type": "https://w3id.org/xapi/openedx/activity/practice-assessment",
      "extensions": {
        "https://w3id.org/xapi/acrossx/extensions/time-limit": 60
      }
    }
  },
  "timestamp": "2023-09-08T15:58:04.833393+00:00",
  "context": {
    "contextActivities": {
      "parent": [
        {
          "id": "http://localhost:18000/course/course-v1:edX+DemoX+Demo_Course",
          "objectType": "Activity",
          "definition": {
            "name": { "en-US": "Demonstration Course" },
            "type": "http://adlnet.gov/expapi/activities/course"
          }
        }
      ],
      "grouping": [
        {
          "id": "438AD672-DE2C-4F0B-8876-35444E7DD746",
          "objectType": "Activity",
          "definition": {
            "name": { "en": "Subsection" },
            "type": "http://adlnet.gov/expapi/activities/attempt",
            "extensions": {
              "http://id.tincanapi.com/extension/attempt-id": 1
            }
          }
        }
      ]
    },
    "extensions": {
      "https://w3id.org/xapi/openedx/extension/transformer-version": "event-routing-backends@1.1.1",
      "https://w3id.org/xapi/openedx/extensions/session-id": "1c7862f091c5d7232ad3d7cf558f6e80"
    }
  }
}
