{
  "id": "88e13618-29ec-5b75-9de7-e2e220af1728",
  "result": {
    "completion": true,
    "extensions": { "https://w3id.org/xapi/cmi5/result/extensions/progress": 100.0 }
  },
  "version": "1.0.3",
  "actor": {
    "objectType": "Agent",
    "account": {
      "name": "32e08e30-f8ae-4ce2-94a8-c2bfe38a70cb",
      "homePage": "http://localhost:18000"
    }
  },
  "verb": {
    "id": "http://adlnet.gov/expapi/verbs/progressed",
    "display": { "en": "progressed" }
},
  "object": {
    "id": "http://localhost:18000/xblock/block-v1:edX+DemoX+Demo_Course+type@problem+block@7c54b16c8ed34f9f8772015178c7a175",
    "objectType": "Activity",
    "definition": {
      "type": "http://id.tincanapi.com/activitytype/resource"
    }
  },
  "timestamp": "2023-08-22T20:16:25.500832+00:00",
  "context": {
    "contextActivities": {
      "parent": [
        {
          "id": "http://localhost:18000/course/course-v1:edX+DemoX+Demo_Course",
          "objectType": "Activity",
          "definition": {
            "name": { "en-US": "Demonstration Course" },
            "type": "http://adlnet.gov/expapi/activities/course"
          }
        }
      ]
    },
    "extensions": {
      "https://w3id.org/xapi/openedx/extension/transformer-version": "event-routing-backends@1.1.1",
      "https://w3id.org/xapi/openedx/extensions/session-id": "056aca2a1c6b76742b283e73d3424453"
    }
  }
}
