{
    "id": "6d1f033b-3f70-458c-b53a-e6bb63cbaef9",
    "actor": {
        "openid": "https://openedx.org/users/user-v1/32e08e30-f8ae-4ce2-94a8-c2bfe38a70cb",
        "objectType": "Agent"
    },
    "context": {
      "contextActivities": 		{
        "parent": [
          {
            "id": "http://localhost:18000/courses/course-v1:edX+DemoX+Demo_Course/",
            "objectType": "Activity",
            "definition": 					{
              "name": 						{
                "en-US": "Demonstration Course"
              },
              "type": "http://adlnet.gov/expapi/activities/course"
            }
          }
        ]
		}
    },
    "object": {
        "definition": {
            "name": {
                "en": "Lesson 3 - Be Social"
            },
            "type": "http://adlnet.gov/expapi/activities/module"
        },
        "id": "http://localhost:18000/courses/course-v1:edX+DemoX+Demo_Course/jump_to/block-v1:edX+DemoX+Demo_Course+type@sequential+block@48ecb924d7fe4b66a230137626bfa93e",
        "objectType": "Activity"
    },
    "timestamp": "2020-08-04T12:43:57.705414+00:00",
    "verb": {
        "display": {
            "en": "navigated"
        },
        "id": "https://w3id.org/xapi/dod-isd/verbs/navigated"
    },
    "version": "1.0.3"
}
