{
    "id": "6d1f033b-3f70-458c-b53a-e6bb63cbaef9",
    "actor": {
        "account": {"homePage": "http://localhost:18000", "name": "32e08e30-f8ae-4ce2-94a8-c2bfe38a70cb"},
        "objectType": "Agent"
    },
    "context": {
        "contextActivities": {
            "parent": [
                {
                    "id": "http://localhost:18000/course/course-v1:edX+DemoX+Demo_Course",
                    "objectType": "Activity",
                    "definition":{
                      "name": {
                        "en-US": "Demonstration Course"
                      },
                      "type": "http://adlnet.gov/expapi/activities/course"
                    }
                }
            ]
        },
        "extensions": {
            "http://id.tincanapi.com/extension/ending-point": "next unit",
            "http://id.tincanapi.com/extension/starting-position": 4
        }
    },
    "object": {
        "definition": {
            "extensions": {
                "https://w3id.org/xapi/acrossx/extensions/total-items": 10
            },
            "type": "http://id.tincanapi.com/activitytype/resource"
        },
        "id": "http://localhost:18000/xblock/block-v1:edX+DemoX+Demo_Course+type@sequential+block@19a30717eff543078a5d94ae9d6c18a5",
        "objectType": "Activity"
    },
    "timestamp": "2020-07-14T14:06:42.424987+00:00",
    "verb": {
        "display": {
            "en": "navigated"
        },
        "id": "https://w3id.org/xapi/dod-isd/verbs/navigated"
    },
    "version": "1.0.3"
}
