{
    "id": "0f73de3b-445e-5674-aab9-b0117c64671a",
    "actor": {
        "account": {"homePage": "http://localhost:18000", "name": "32e08e30-f8ae-4ce2-94a8-c2bfe38a70cb"},
        "objectType": "Agent"
    },
    "context": {
        "contextActivities": {
            "parent": [
                {
                    "id": "http://localhost:18000/course/course-v1:edX+DemoX+Demo_Course",
                    "objectType": "Activity",
                    "definition":{
                      "name": {
                        "en-US": "Demonstration Course"
                      },
                      "type": "http://adlnet.gov/expapi/activities/course"
                    }
                }
            ]
        },
        "extensions": {
            "https://w3id.org/xapi/openedx/extension/transformer-version": "event-routing-backends@1.1.1",
            "https://w3id.org/xapi/openedx/extensions/session-id": "6ad0a24d8303f49d14409a669d430b6f",
            "http://id.tincanapi.com/extension/starting-position": 4,
            "http://id.tincanapi.com/extension/ending-point": 8
        }
    },
    "object": {
        "definition": {
            "extensions": {
                "https://w3id.org/xapi/acrossx/extensions/total-items": 10
            },
            "type": "http://id.tincanapi.com/activitytype/resource"
        },
        "id": "http://localhost:18000/xblock/block-v1:edX+DemoX+Demo_Course+type@sequential+block@19a30717eff543078a5d94ae9d6c18a5",
        "objectType": "Activity"
    },
    "timestamp": "2020-07-14T14:28:29.829229+00:00",
    "verb": {
        "display": {
            "en": "navigated"
        },
        "id": "https://w3id.org/xapi/dod-isd/verbs/navigated"
    },
    "version": "1.0.3"
}
