{
    "id": "6d1f033b-3f70-458c-b53a-e6bb63cbaef9",
    "actor": {
        "objectType": "Agent",
        "openid": "https://openedx.org/users/user-v1/32e08e30-f8ae-4ce2-94a8-c2bfe38a70cb"
    },
    "context": {
        "registration": "32e08e30-f8ae-4ce2-94a8-c2bfe38a70cb"
    },
    "object": {
        "definition": {
            "name": {
                "en": "Demonstration Course"
            },
            "type": "http://adlnet.gov/expapi/activities/course"
        },
        "id": "http://localhost:18000/courses/course-v1:edX+DemoX+Demo_Course/",
        "objectType": "Activity"
    },
    "timestamp": "2020-07-15T06:39:23.898755+00:00",
    "verb": {
        "display": {
            "en": "unregistered"
        },
        "id": "http://id.tincanapi.com/verb/unregistered"
    },
    "version": "1.0.3"
}
