{
    "id": "6d1f033b-3f70-458c-b53a-e6bb63cbaef9",
    "actor": {
        "objectType": "Agent",
        "account": {"homePage": "http://localhost:18000", "name": "32e08e30-f8ae-4ce2-94a8-c2bfe38a70cb"}
    },
    "context": {
        "contextActivities": {
            "parent": [
                {
                    "id": "http://localhost:18000/course/course-v1:testX+XAPI101+2019_T2",
                    "objectType": "Activity",
                    "definition": {
                      "name": {
                        "en-US": "Demonstration Course"
                      },
                      "type": "http://adlnet.gov/expapi/activities/course"
                    }
                }
            ]
        },
        "extensions": {
            "https://w3id.org/xapi/openedx/extension/transformer-version": "event-routing-backends@1.1.1",
            "https://w3id.org/xapi/openedx/extensions/session-id": "054c9ddcb76d2096f862e66bda3bc308"
        }
    },
    "object": {
        "definition": {
            "type": "http://id.tincanapi.com/activitytype/discussion"
        },
        "id": "http://localhost:18000//api/discussion/v1/threads/64abcdfee68f35002fd013c6",
        "objectType": "Activity"
    },
    "timestamp": "2023-07-10T09:23:10.354202+00:00",
    "verb": {
        "display": {
            "en": "deleted"
        },
        "id": "https://w3id.org/xapi/dod-isd/verbs/deleted"
    },
    "version": "1.0.3"
}
