{
    "id": "6d1f033b-3f70-458c-b53a-e6bb63cbaef9",
    "actor": {
        "objectType": "Agent",
        "account": {"homePage": "http://localhost:18000", "name": "32e08e30-f8ae-4ce2-94a8-c2bfe38a70cb"}
    },
    "object": {
        "definition": {
            "type": "https://w3id.org/xapi/video/activity-type/video"
        },
        "id": "http://localhost:18000/xblock/block-v1:edX+DemoX+Demo_Course+type@video+block@0b9e39477cf34507a7a48f74be381fdd",
        "objectType": "Activity"
    },
    "context": {
        "contextActivities": {
            "parent": [
                {
                    "id": "http://localhost:18000/course/course-v1:edX+DemoX+Demo_Course",
                    "objectType": "Activity",
                    "definition": {
                      "name": {
                        "en-US": "Demonstration Course"
                      },
                      "type": "http://adlnet.gov/expapi/activities/course"
                    }
                }
            ]
        },
        "extensions": {
            "https://github.com/edx/event-routing-backends/blob/master/docs/xapi-extensions/eventVersion.rst": 1.0,
            "https://w3id.org/xapi/video/extensions/length": 0.0
        }
    },
    "timestamp": "2020-07-15T06:43:07.277053+00:00",
    "verb": {
        "display": {
            "en": "initialized"
        },
        "id": "http://adlnet.gov/expapi/verbs/initialized"
    },
    "version": "1.0.3"
}
