{
    "id": "6d1f033b-3f70-458c-b53a-e6bb63cbaef9",
    "actor": {
        "objectType": "Agent",
        "account": {"homePage": "http://localhost:18000", "name": "32e08e30-f8ae-4ce2-94a8-c2bfe38a70cb"}
    },
    "context": {
        "contextActivities": {
            "category": [
                {
                    "id": "https://w3id.org/xapi/video/activity-type/video",
                    "objectType": "Activity"
                }
            ],
            "parent": [
                {
                    "id": "http://localhost:18000/course/course-v1:edX+DemoX+Demo_Course",
                    "objectType": "Activity"
                }
            ]
        },
        "registration": "32e08e30-f8ae-4ce2-94a8-c2bfe38a70cb"
    },
    "object": {
        "definition": {
            "extensions": {
            },
            "name": {
                "en": "Video Display Name"
            },
            "type": "https://w3id.org/xapi/video/activity-type/video"
        },
        "id": "http://localhost:18000/xblock/block-v1:edX+DemoX+Demo_Course+type@video+block@0b9e39477cf34507a7a48f74be381fdd",
        "objectType": "Activity"
    },
    "result": {
        "extensions": {
        }
    },
    "timestamp": "2020-07-15T06:52:55.057099+00:00",
    "verb": {
        "display": {
            "en": "played"
        },
        "id": "https://w3id.org/xapi/video/verbs/played"
    },
    "version": "1.0.3"
}
