[
  {
    "id": "3744fa95-27e3-5c44-9573-98db43406f0a",
    "result": {
      "score": {
        "scaled": 0.5,
        "raw": 2.0,
        "min": 0.0,
        "max": 4.0
      },
      "success": false
    },
    "version": "1.0.3",
    "actor": {
      "objectType": "Agent",
      "account": {
        "name": "32e08e30-f8ae-4ce2-94a8-c2bfe38a70cb",
        "homePage": "http://localhost:18000"
      }
    },
    "verb": {
      "id": "https://w3id.org/xapi/acrossx/verbs/evaluated",
      "display": {
        "en": "evaluated"
      }
    },
    "object": {
      "id": "http://localhost:18000/xblock/block-v1:edX+DemoX+Demo_Course+type@problem+block@a0effb954cca4759994f1ac9e9434bf4",
      "objectType": "GroupActivity",
      "definition": {
        "name": {
          "en-US": "Multiple Choice Questions"
        },
        "type": "http://adlnet.gov/expapi/activities/cmi.interaction",
        "interactionType": "other"
      }
    },
    "timestamp": "2023-11-03T16:31:50.023274+00:00",
    "context": {
      "contextActivities": {
        "parent": [
          {
            "id": "http://localhost:18000/course/course-v1:edX+DemoX+Demo_Course",
            "objectType": "Activity",
            "definition": {
              "name": {
                "en-US": "Demonstration Course"
              },
              "type": "http://adlnet.gov/expapi/activities/course"
            }
          }
        ]
      },
      "extensions": {
        "https://w3id.org/xapi/openedx/extension/transformer-version": "event-routing-backends@1.1.1",
        "https://w3id.org/xapi/openedx/extensions/session-id": "9885dd163f65eed1fe88759c186b4ac3"
      }
    }
  },
  {
    "id": "10cf9cbf-1437-5f1e-9d32-b96ee8596ec0",
    "result": {
      "success": false,
      "response": "[\"a piano\", \"a tree\", \"a guitar\"]"
    },
    "version": "1.0.3",
    "actor": {
      "objectType": "Agent",
      "account": {
        "name": "32e08e30-f8ae-4ce2-94a8-c2bfe38a70cb",
        "homePage": "http://localhost:18000"
      }
    },
    "verb": {
      "id": "https://w3id.org/xapi/acrossx/verbs/evaluated",
      "display": {
        "en": "evaluated"
      }
    },
    "object": {
      "id": "http://localhost:18000/xblock/block-v1:edX+DemoX+Demo_Course+type@problem+block@a0effb954cca4759994f1ac9e9434bf4_4_1",
      "objectType": "Activity",
      "definition": {
        "description": {
          "en-US": ""
        },
        "type": "http://adlnet.gov/expapi/activities/cmi.interaction",
        "interactionType": "choice"
      }
    },
    "timestamp": "2023-11-03T16:31:50.023274+00:00",
    "context": {
      "contextActivities": {
        "parent": [
          {
            "id": "http://localhost:18000/xblock/block-v1:edX+DemoX+Demo_Course+type@problem+block@a0effb954cca4759994f1ac9e9434bf4",
            "objectType": "GroupActivity",
            "definition": {
              "name": {
                "en-US": "Multiple Choice Questions"
              },
              "type": "http://adlnet.gov/expapi/activities/cmi.interaction",
              "interactionType": "other"
            }
          }
        ],
        "grouping": [
          {
            "id": "http://localhost:18000/course/course-v1:edX+DemoX+Demo_Course",
            "objectType": "Activity",
            "definition": {
              "name": {
                "en-US": "Demonstration Course"
              },
              "type": "http://adlnet.gov/expapi/activities/course"
            }
          }
        ]
      },
      "statement": {
        "objectType": "StatementRef",
        "id": "3744fa95-27e3-5c44-9573-98db43406f0a"
      },
      "extensions": {
        "https://w3id.org/xapi/openedx/extension/transformer-version": "event-routing-backends@1.1.1",
        "https://w3id.org/xapi/openedx/extensions/session-id": "9885dd163f65eed1fe88759c186b4ac3"
      }
    }
  },
  {
    "id": "707a78e0-c017-5a78-9581-df5bcca031c9",
    "result": {
      "success": false,
      "response": "[\"Un emprunt \\u00e0 l'anglais ou anglicisme\", \"Un type de demande\", \"Quelque chose de rapide, d'instantan\\u00e9\", \"Une question structur\\u00e9e et pr\\u00e9cise\", \"Un type de poisson\", \"I\\\"M SWP' \\\"SDF\\\"\"]"
    },
    "version": "1.0.3",
    "actor": {
      "objectType": "Agent",
      "account": {
        "name": "32e08e30-f8ae-4ce2-94a8-c2bfe38a70cb",
        "homePage": "http://localhost:18000"
      }
    },
    "verb": {
      "id": "https://w3id.org/xapi/acrossx/verbs/evaluated",
      "display": {
        "en": "evaluated"
      }
    },
    "object": {
      "id": "http://localhost:18000/xblock/block-v1:edX+DemoX+Demo_Course+type@problem+block@a0effb954cca4759994f1ac9e9434bf4_5_1",
      "objectType": "Activity",
      "definition": {
        "description": {
          "en-US": ""
        },
        "type": "http://adlnet.gov/expapi/activities/cmi.interaction",
        "interactionType": "choice"
      }
    },
    "timestamp": "2023-11-03T16:31:50.023274+00:00",
    "context": {
      "contextActivities": {
        "parent": [
          {
            "id": "http://localhost:18000/xblock/block-v1:edX+DemoX+Demo_Course+type@problem+block@a0effb954cca4759994f1ac9e9434bf4",
            "objectType": "GroupActivity",
            "definition": {
              "name": {
                "en-US": "Multiple Choice Questions"
              },
              "type": "http://adlnet.gov/expapi/activities/cmi.interaction",
              "interactionType": "other"
            }
          }
        ],
        "grouping": [
          {
            "id": "http://localhost:18000/course/course-v1:edX+DemoX+Demo_Course",
            "objectType": "Activity",
            "definition": {
              "name": {
                "en-US": "Demonstration Course"
              },
              "type": "http://adlnet.gov/expapi/activities/course"
            }
          }
        ]
      },
      "statement": {
        "objectType": "StatementRef",
        "id": "3744fa95-27e3-5c44-9573-98db43406f0a"
      },
      "extensions": {
        "https://w3id.org/xapi/openedx/extension/transformer-version": "event-routing-backends@1.1.1",
        "https://w3id.org/xapi/openedx/extensions/session-id": "9885dd163f65eed1fe88759c186b4ac3"
      }
    }
  },
  {
    "id": "7d7147aa-fa7a-56b3-a5e0-965f25b098da",
    "result": {
      "success": true,
      "response": "blue"
    },
    "version": "1.0.3",
    "actor": {
      "objectType": "Agent",
      "account": {
        "name": "32e08e30-f8ae-4ce2-94a8-c2bfe38a70cb",
        "homePage": "http://localhost:18000"
      }
    },
    "verb": {
      "id": "https://w3id.org/xapi/acrossx/verbs/evaluated",
      "display": {
        "en": "evaluated"
      }
    },
    "object": {
      "id": "http://localhost:18000/xblock/block-v1:edX+DemoX+Demo_Course+type@problem+block@a0effb954cca4759994f1ac9e9434bf4_2_1",
      "objectType": "Activity",
      "definition": {
        "description": {
          "en-US": ""
        },
        "type": "http://adlnet.gov/expapi/activities/cmi.interaction",
        "interactionType": "choice"
      }
    },
    "timestamp": "2023-11-03T16:31:50.023274+00:00",
    "context": {
      "contextActivities": {
        "parent": [
          {
            "id": "http://localhost:18000/xblock/block-v1:edX+DemoX+Demo_Course+type@problem+block@a0effb954cca4759994f1ac9e9434bf4",
            "objectType": "GroupActivity",
            "definition": {
              "name": {
                "en-US": "Multiple Choice Questions"
              },
              "type": "http://adlnet.gov/expapi/activities/cmi.interaction",
              "interactionType": "other"
            }
          }
        ],
        "grouping": [
          {
            "id": "http://localhost:18000/course/course-v1:edX+DemoX+Demo_Course",
            "objectType": "Activity",
            "definition": {
              "name": {
                "en-US": "Demonstration Course"
              },
              "type": "http://adlnet.gov/expapi/activities/course"
            }
          }
        ]
      },
      "statement": {
        "objectType": "StatementRef",
        "id": "3744fa95-27e3-5c44-9573-98db43406f0a"
      },
      "extensions": {
        "https://w3id.org/xapi/openedx/extension/transformer-version": "event-routing-backends@1.1.1",
        "https://w3id.org/xapi/openedx/extensions/session-id": "9885dd163f65eed1fe88759c186b4ac3"
      }
    }
  },
  {
    "id": "a50c26d4-b7f5-50f8-9686-63727d2f0018",
    "result": {
      "success": true,
      "response": "a chair"
    },
    "version": "1.0.3",
    "actor": {
      "objectType": "Agent",
      "account": {
        "name": "32e08e30-f8ae-4ce2-94a8-c2bfe38a70cb",
        "homePage": "http://localhost:18000"
      }
    },
    "verb": {
      "id": "https://w3id.org/xapi/acrossx/verbs/evaluated",
      "display": {
        "en": "evaluated"
      }
    },
    "object": {
      "id": "http://localhost:18000/xblock/block-v1:edX+DemoX+Demo_Course+type@problem+block@a0effb954cca4759994f1ac9e9434bf4_3_1",
      "objectType": "Activity",
      "definition": {
        "description": {
          "en-US": ""
        },
        "type": "http://adlnet.gov/expapi/activities/cmi.interaction",
        "interactionType": "choice"
      }
    },
    "timestamp": "2023-11-03T16:31:50.023274+00:00",
    "context": {
      "contextActivities": {
        "parent": [
          {
            "id": "http://localhost:18000/xblock/block-v1:edX+DemoX+Demo_Course+type@problem+block@a0effb954cca4759994f1ac9e9434bf4",
            "objectType": "GroupActivity",
            "definition": {
              "name": {
                "en-US": "Multiple Choice Questions"
              },
              "type": "http://adlnet.gov/expapi/activities/cmi.interaction",
              "interactionType": "other"
            }
          }
        ],
        "grouping": [
          {
            "id": "http://localhost:18000/course/course-v1:edX+DemoX+Demo_Course",
            "objectType": "Activity",
            "definition": {
              "name": {
                "en-US": "Demonstration Course"
              },
              "type": "http://adlnet.gov/expapi/activities/course"
            }
          }
        ]
      },
      "statement": {
        "objectType": "StatementRef",
        "id": "3744fa95-27e3-5c44-9573-98db43406f0a"
      },
      "extensions": {
        "https://w3id.org/xapi/openedx/extension/transformer-version": "event-routing-backends@1.1.1",
        "https://w3id.org/xapi/openedx/extensions/session-id": "9885dd163f65eed1fe88759c186b4ac3"
      }
    }
  }
]
