[
{
  "id": "8ac118c6-7964-5939-8b2b-fa3070881c66",
  "result": {"score": {"min": 0, "max": 3, "raw": 3, "scaled": 1}, "success": true},
  "version": "1.0.3",
  "actor": {
    "objectType": "Agent",
    "account": {
      "name": "32e08e30-f8ae-4ce2-94a8-c2bfe38a70cb",
      "homePage": "http://localhost:18000"
    }
  },
  "verb": {
    "id": "https://w3id.org/xapi/acrossx/verbs/evaluated",
    "display": {
      "en": "evaluated"
    }
  },
  "object": {
    "objectType": "GroupActivity",
    "id" :"http://localhost:18000/xblock/block-v1:edX+DemoX+Demo_Course+type@problem+block@a0effb954cca4759994f1ac9e9434bf4",
    "definition": {
      "type": "http://adlnet.gov/expapi/activities/cmi.interaction",
      "name": {"en-US": "Multiple Choice Questions"},
      "interactionType": "other"
    }
  },
    "timestamp": "2023-08-03T06:32:31.431355+00:00",
  "context": {
    "contextActivities": {
      "parent": [
        {
          "id": "http://localhost:18000/course/course-v1:edX+DemoX+Demo_Course",
          "objectType": "Activity",
          "definition": {
            "name": {
              "en-US": "Demonstration Course"
            },
            "type": "http://adlnet.gov/expapi/activities/course"
          }
        }
      ]
    },
    "extensions": {
      "https://w3id.org/xapi/openedx/extension/transformer-version": "event-routing-backends@1.1.1",
      "https://w3id.org/xapi/openedx/extensions/session-id": "97662bef7c463c187b8fd91e0f580468"
    }
  }
},
{
  "id": "7e4f87d3-911b-581b-b41e-7b4d938c4647",
  "result": {"response": "blue", "success": true},
  "version": "1.0.3",
  "actor": {
    "objectType": "Agent",
    "account": {
      "name": "32e08e30-f8ae-4ce2-94a8-c2bfe38a70cb",
      "homePage": "http://localhost:18000"
    }
  },
  "verb": {
    "id": "https://w3id.org/xapi/acrossx/verbs/evaluated",
    "display": {
      "en": "evaluated"
    }
  },
  "object": {
    "objectType": "Activity",
    "id" :"http://localhost:18000/xblock/block-v1:edX+DemoX+Demo_Course+type@problem+block@a0effb954cca4759994f1ac9e9434bf4_2_1",
    "definition": {
      "type": "http://adlnet.gov/expapi/activities/cmi.interaction",
      "description": {
        "en-US": "What color is the open ocean on a sunny day?"
      },
      "interactionType": "choice"
    }
  },
    "timestamp": "2023-08-03T06:32:31.431355+00:00",
  "context": {
    "statement": {
      "id": "8ac118c6-7964-5939-8b2b-fa3070881c66",
      "objectType": "StatementRef"
    },
    "contextActivities": {
      "parent": [
        {
          "objectType": "GroupActivity",
          "id" :"http://localhost:18000/xblock/block-v1:edX+DemoX+Demo_Course+type@problem+block@a0effb954cca4759994f1ac9e9434bf4",
          "definition": {
            "type": "http://adlnet.gov/expapi/activities/cmi.interaction",
            "name": {
              "en-US": "Multiple Choice Questions"
            },
            "interactionType": "other"
          }
        }
      ],
      "grouping": [
        {
          "id": "http://localhost:18000/course/course-v1:edX+DemoX+Demo_Course",
          "objectType": "Activity",
          "definition": {
            "name": {
              "en-US": "Demonstration Course"
            },
            "type": "http://adlnet.gov/expapi/activities/course"
          }
        }
      ]
    },
    "extensions": {
      "https://w3id.org/xapi/openedx/extension/transformer-version": "event-routing-backends@1.1.1",
      "https://w3id.org/xapi/openedx/extensions/session-id": "97662bef7c463c187b8fd91e0f580468"
    }
  }
},
{
  "id": "19ff71b6-3e82-5dda-886d-f98182d61b90",
  "result": {"response": "[\"a piano\", \"a guitar\"]", "success": true},
  "version": "1.0.3",
  "actor": {
    "objectType": "Agent",
    "account": {
      "name": "32e08e30-f8ae-4ce2-94a8-c2bfe38a70cb",
      "homePage": "http://localhost:18000"
    }
  },
  "verb": {
    "id": "https://w3id.org/xapi/acrossx/verbs/evaluated",
    "display": {
      "en": "evaluated"
    }
  },
  "object": {
    "objectType": "Activity",
    "id" :"http://localhost:18000/xblock/block-v1:edX+DemoX+Demo_Course+type@problem+block@a0effb954cca4759994f1ac9e9434bf4_4_1",
    "definition": {
      "type": "http://adlnet.gov/expapi/activities/cmi.interaction",
      "description": {
        "en-US": "Which of the following are musical instruments?"
      },
      "interactionType": "choice"
    }
  },
    "timestamp": "2023-08-03T06:32:31.431355+00:00",
  "context": {
    "statement": {
      "id": "8ac118c6-7964-5939-8b2b-fa3070881c66",
      "objectType": "StatementRef"
    },
    "contextActivities": {
      "parent": [
        {
          "objectType": "GroupActivity",
          "id" :"http://localhost:18000/xblock/block-v1:edX+DemoX+Demo_Course+type@problem+block@a0effb954cca4759994f1ac9e9434bf4",
          "definition": {
            "type": "http://adlnet.gov/expapi/activities/cmi.interaction",
            "name": {
              "en-US": "Multiple Choice Questions"
            },
            "interactionType": "other"
          }
        }
      ],
      "grouping": [
        {
          "id": "http://localhost:18000/course/course-v1:edX+DemoX+Demo_Course",
          "objectType": "Activity",
          "definition": {
            "name": {
              "en-US": "Demonstration Course"
            },
            "type": "http://adlnet.gov/expapi/activities/course"
          }
        }
      ]
    },
    "extensions": {
      "https://w3id.org/xapi/openedx/extension/transformer-version": "event-routing-backends@1.1.1",
      "https://w3id.org/xapi/openedx/extensions/session-id": "97662bef7c463c187b8fd91e0f580468"
    }
  }
},
{
  "id": "02d16f04-dde1-5d0f-8a6c-abe76128db76",
  "result": {"response": "a chair", "success": true},
  "version": "1.0.3",
  "actor": {
    "objectType": "Agent",
    "account": {
      "name": "32e08e30-f8ae-4ce2-94a8-c2bfe38a70cb",
      "homePage": "http://localhost:18000"
    }
  },
  "verb": {
    "id": "https://w3id.org/xapi/acrossx/verbs/evaluated",
    "display": {
      "en": "evaluated"
    }
  },
  "object": {
    "objectType": "Activity",
    "id" :"http://localhost:18000/xblock/block-v1:edX+DemoX+Demo_Course+type@problem+block@a0effb954cca4759994f1ac9e9434bf4_3_1",
    "definition": {
      "type": "http://adlnet.gov/expapi/activities/cmi.interaction",
      "description": {
        "en-US": "Which piece of furniture is built for sitting?"
      },
      "interactionType": "choice"
    }
  },
    "timestamp": "2023-08-03T06:32:31.431355+00:00",
  "context": {
    "statement": {
      "id": "8ac118c6-7964-5939-8b2b-fa3070881c66",
      "objectType": "StatementRef"
    },
    "contextActivities": {
      "parent": [
        {
          "objectType": "GroupActivity",
          "id" :"http://localhost:18000/xblock/block-v1:edX+DemoX+Demo_Course+type@problem+block@a0effb954cca4759994f1ac9e9434bf4",
          "definition": {
            "type": "http://adlnet.gov/expapi/activities/cmi.interaction",
            "name": {
              "en-US": "Multiple Choice Questions"
            },
            "interactionType": "other"
          }
        }
      ],
      "grouping": [
        {
          "id": "http://localhost:18000/course/course-v1:edX+DemoX+Demo_Course",
          "objectType": "Activity",
          "definition": {
            "name": {
              "en-US": "Demonstration Course"
            },
            "type": "http://adlnet.gov/expapi/activities/course"
          }
        }
      ]
    },
    "extensions": {
      "https://w3id.org/xapi/openedx/extension/transformer-version": "event-routing-backends@1.1.1",
      "https://w3id.org/xapi/openedx/extensions/session-id": "97662bef7c463c187b8fd91e0f580468"
    }
  }
}
]
