{
    "id": "6d1f033b-3f70-458c-b53a-e6bb63cbaef9",
    "actor": {
        "objectType": "Agent",
        "account": {"homePage": "http://localhost:18000", "name": "32e08e30-f8ae-4ce2-94a8-c2bfe38a70cb"}
    },
    "context": {},
    "object": {
        "definition": {
            "type": "http://adlnet.gov/expapi/activities/cmi.interaction",
            "interactionType": "other"
        },
        "objectType": "Activity"
    },
    "timestamp": "2020-07-14T14:39:26.580443+00:00",
    "verb": {
        "display": {
            "en": "evaluated"
        },
        "id": "https://w3id.org/xapi/acrossx/verbs/evaluated"
    },
    "result": {
        "score": {
             "min": 0.0
        },
        "success": false
    },
    "version": "1.0.3"
}
