{
    "id": "6d1f033b-3f70-458c-b53a-e6bb63cbaef9",
    "actor": {
        "objectType": "Agent",
        "openid": "https://openedx.org/users/user-v1/32e08e30-f8ae-4ce2-94a8-c2bfe38a70cb"
    },
    "context": {
        "contextActivities": {
            "parent": [
                {
                    "id": "http://localhost:18000/courses/course-v1:edX+DemoX+Demo_Course/",
                    "objectType": "Activity"
                }
            ]
        },
        "registration": "32e08e30-f8ae-4ce2-94a8-c2bfe38a70cb"
    },
    "object": {
        "definition": {
            "choices": [
                {
                    "description": {
                        "en": "a correct answer"
                    },
                    "id": "choice_0"
                },
                {
                    "description": {
                        "en": "an incorrect answer"
                    },
                    "id": "choice_2"
                }

            ],
            "correctResponsesPattern": [
                "choice_0",
                "choice_2"
            ],
            "interactionType": "choice",
            "type": "http://adlnet.gov/expapi/activities/interaction"
        },
        "id": "block-v1:edX+DemoX+Demo_Course+type@problem+block@3fc5461f86764ad7bdbdf6cbdde61e66",
        "objectType": "Activity"
    },
    "result": {
        "response": "{'3fc5461f86764ad7bdbdf6cbdde61e66_2_1': ['choice_0', 'choice_2']}",
        "score": {
            "max": 1,
            "min": 0,
            "raw": 0,
            "scaled": 0
        },
        "success": false
    },
    "timestamp": "2020-07-14T14:39:26.906232+00:00",
    "verb": {
        "display": {
            "en": "answered"
        },
        "id": "http://adlnet.gov/expapi/verbs/answered"
    },
    "version": "1.0.3"
}
