[
{
  "id": "980a041a-19a8-59c6-9e6c-72fd94d2577e",
  "result": {"score": {"min": 0, "max": 3, "raw": 0, "scaled": 0}, "success": false},
  "version": "1.0.3",
  "actor": {
    "objectType": "Agent",
    "account": {
      "name": "32e08e30-f8ae-4ce2-94a8-c2bfe38a70cb",
      "homePage": "http://localhost:18000"
    }
  },
  "verb": {
    "id": "https://w3id.org/xapi/acrossx/verbs/evaluated",
    "display": {
      "en": "evaluated"
    }
  },
  "object": {
    "objectType": "GroupActivity",
    "id" :"http://localhost:18000/xblock/block-v1:edX+DemoX+Demo_Course+type@problem+block@a0effb954cca4759994f1ac9e9434bf4",
    "definition": {
      "type": "http://adlnet.gov/expapi/activities/cmi.interaction",
      "name": {
        "en-US": "Multiple Choice Questions"
      },
      "interactionType": "other"
    }
  },
    "timestamp": "2023-08-03T06:30:32.026903+00:00",
  "context": {
    "contextActivities": {
      "parent": [
        {
          "id": "http://localhost:18000/course/course-v1:edX+DemoX+Demo_Course",
          "objectType": "Activity",
          "definition": {
            "name": {
              "en-US": "Demonstration Course"
            },
            "type": "http://adlnet.gov/expapi/activities/course"
          }
        }
      ]
    },
    "extensions": {
      "https://w3id.org/xapi/openedx/extension/transformer-version": "event-routing-backends@1.1.1",
      "https://w3id.org/xapi/openedx/extensions/session-id": "97662bef7c463c187b8fd91e0f580468"
    }
  }
},
{
  "id": "e734c4c4-0c9f-53c9-ae3a-056705d552a1",
  "result": {"response": "yellow", "success": false},
  "version": "1.0.3",
  "actor": {
    "objectType": "Agent",
    "account": {
      "name": "32e08e30-f8ae-4ce2-94a8-c2bfe38a70cb",
      "homePage": "http://localhost:18000"
    }
  },
  "verb": {
    "id": "https://w3id.org/xapi/acrossx/verbs/evaluated",
    "display": {
      "en": "evaluated"
    }
  },
  "object": {
    "objectType": "Activity",
    "id" :"http://localhost:18000/xblock/block-v1:edX+DemoX+Demo_Course+type@problem+block@a0effb954cca4759994f1ac9e9434bf4_2_1",
    "definition": {
      "type": "http://adlnet.gov/expapi/activities/cmi.interaction",
      "description": {
        "en-US": "What color is the open ocean on a sunny day?"
      },
      "interactionType": "choice"
    }
  },
    "timestamp": "2023-08-03T06:30:32.026903+00:00",
  "context": {
    "statement": {
      "id": "980a041a-19a8-59c6-9e6c-72fd94d2577e",
      "objectType": "StatementRef"
    },
    "contextActivities": {
      "parent": [
        {
          "objectType": "GroupActivity",
          "id" :"http://localhost:18000/xblock/block-v1:edX+DemoX+Demo_Course+type@problem+block@a0effb954cca4759994f1ac9e9434bf4",
          "definition": {
            "type": "http://adlnet.gov/expapi/activities/cmi.interaction",
            "name": {
              "en-US": "Multiple Choice Questions"
            },
            "interactionType": "other"
          }
        }
      ],
      "grouping": [
        {
          "id": "http://localhost:18000/course/course-v1:edX+DemoX+Demo_Course",
          "objectType": "Activity",
          "definition": {
            "name": {
              "en-US": "Demonstration Course"
            },
            "type": "http://adlnet.gov/expapi/activities/course"
          }
        }
      ]
    },
    "extensions": {
      "https://w3id.org/xapi/openedx/extension/transformer-version": "event-routing-backends@1.1.1",
      "https://w3id.org/xapi/openedx/extensions/session-id": "97662bef7c463c187b8fd91e0f580468"
    }
  }
},
{
  "id": "fd898be3-1b7e-5273-a83f-02cb95cbb91d",
  "result": {"response": "[\"a window\"]", "success": false},
  "version": "1.0.3",
  "actor": {
    "objectType": "Agent",
    "account": {
      "name": "32e08e30-f8ae-4ce2-94a8-c2bfe38a70cb",
      "homePage": "http://localhost:18000"
    }
  },
  "verb": {
    "id": "https://w3id.org/xapi/acrossx/verbs/evaluated",
    "display": {
      "en": "evaluated"
    }
  },
  "object": {
    "objectType": "Activity",
    "id" :"http://localhost:18000/xblock/block-v1:edX+DemoX+Demo_Course+type@problem+block@a0effb954cca4759994f1ac9e9434bf4_4_1",
    "definition": {
      "type": "http://adlnet.gov/expapi/activities/cmi.interaction",
      "description": {
        "en-US": "Which of the following are musical instruments?"
      },
      "interactionType": "choice"
    }
  },
    "timestamp": "2023-08-03T06:30:32.026903+00:00",
  "context": {
    "statement": {
      "id": "980a041a-19a8-59c6-9e6c-72fd94d2577e",
      "objectType": "StatementRef"
    },
    "contextActivities": {
      "parent": [
        {
          "objectType": "GroupActivity",
          "id" :"http://localhost:18000/xblock/block-v1:edX+DemoX+Demo_Course+type@problem+block@a0effb954cca4759994f1ac9e9434bf4",
          "definition": {
            "type": "http://adlnet.gov/expapi/activities/cmi.interaction",
            "name": {
              "en-US": "Multiple Choice Questions"
            },
            "interactionType": "other"
          }
        }
      ],
      "grouping": [
        {
          "id": "http://localhost:18000/course/course-v1:edX+DemoX+Demo_Course",
          "objectType": "Activity",
          "definition": {
            "name": {
              "en-US": "Demonstration Course"
            },
            "type": "http://adlnet.gov/expapi/activities/course"
          }
        }
      ]
    },
    "extensions": {
      "https://w3id.org/xapi/openedx/extension/transformer-version": "event-routing-backends@1.1.1",
      "https://w3id.org/xapi/openedx/extensions/session-id": "97662bef7c463c187b8fd91e0f580468"
    }
  }
},
{
  "id": "59ce6fe5-4ecc-5aa2-bc2d-00043b4a481d",
  "result": {"response": "a bookshelf", "success": false},
  "version": "1.0.3",
  "actor": {
    "objectType": "Agent",
    "account": {
      "name": "32e08e30-f8ae-4ce2-94a8-c2bfe38a70cb",
      "homePage": "http://localhost:18000"
    }
  },
  "verb": {
    "id": "https://w3id.org/xapi/acrossx/verbs/evaluated",
    "display": {
      "en": "evaluated"
    }
  },
  "object": {
    "objectType": "Activity",
    "id" :"http://localhost:18000/xblock/block-v1:edX+DemoX+Demo_Course+type@problem+block@a0effb954cca4759994f1ac9e9434bf4_3_1",
    "definition": {
      "type": "http://adlnet.gov/expapi/activities/cmi.interaction",
      "description": {
        "en-US": "Which piece of furniture is built for sitting?"
      },
      "interactionType": "choice"
    }
  },
    "timestamp": "2023-08-03T06:30:32.026903+00:00",
  "context": {
    "statement": {
      "id": "980a041a-19a8-59c6-9e6c-72fd94d2577e",
      "objectType": "StatementRef"
    },
    "contextActivities": {
      "parent": [
        {
          "objectType": "GroupActivity",
          "id" :"http://localhost:18000/xblock/block-v1:edX+DemoX+Demo_Course+type@problem+block@a0effb954cca4759994f1ac9e9434bf4",
          "definition": {
            "type": "http://adlnet.gov/expapi/activities/cmi.interaction",
            "name": {
              "en-US": "Multiple Choice Questions"
            },
            "interactionType": "other"
          }
        }
      ],
      "grouping": [
        {
          "id": "http://localhost:18000/course/course-v1:edX+DemoX+Demo_Course",
          "objectType": "Activity",
          "definition": {
            "name": {
              "en-US": "Demonstration Course"
            },
            "type": "http://adlnet.gov/expapi/activities/course"
          }
        }
      ]
    },
    "extensions": {
      "https://w3id.org/xapi/openedx/extension/transformer-version": "event-routing-backends@1.1.1",
      "https://w3id.org/xapi/openedx/extensions/session-id": "97662bef7c463c187b8fd91e0f580468"
    }
  }
}
]
