{
    "id": "6d1f033b-3f70-458c-b53a-e6bb63cbaef9",
    "actor": {
        "objectType": "Agent",
        "openid": "https://openedx.org/users/user-v1/32e08e30-f8ae-4ce2-94a8-c2bfe38a70cb"
    },
    "context": {
        "contextActivities": {
            "parent": [
                {
                    "id": "http://localhost:18000/courses/course-v1:edX+DemoX+Demo_Course/",
                    "objectType": "Activity",
                    "definition": {
                      "name": {
                        "en-US": "Demonstration Course"
                      },
                      "type": "http://adlnet.gov/expapi/activities/course"
                    }
                }
            ]
        }
    },
    "object": {
        "definition": {
            "extensions":{
              "http://id.tincanapi.com/extension/attempt-id":10
            },
            "description": {
              "en-US": "Add the question text, or prompt, here. This text is required."
            },
            "interactionType": "other",
            "type": "http://adlnet.gov/expapi/activities/interaction"
        },
        "id": "block-v1:edX+DemoX+Demo_Course+type@problem+block@3fc5461f86764ad7bdbdf6cbdde61e66",
        "objectType": "Activity"
    },
    "result": {
        "response": "A correct answer",
        "score": {
            "max": 1,
            "min": 0,
            "raw": 0,
            "scaled": 0
        },
        "success": false
    },
    "timestamp": "2020-07-14T14:39:26.906232+00:00",
    "verb": {
        "display": {
            "en": "evaluated"
        },
        "id": "https://w3id.org/xapi/acrossx/verbs/evaluated"
    },
    "version": "1.0.3"
}
