[
{
  "id": "7d8be6d2-15b9-5f0d-bdfc-4e2daee2eee4",
  "result": {"score": {"min": 0, "max": 3, "raw": 2, "scaled": 0.6666666666666666}, "success": false},
  "version": "1.0.3",
  "actor": {
    "objectType": "Agent",
    "account": {
      "name": "32e08e30-f8ae-4ce2-94a8-c2bfe38a70cb",
      "homePage": "http://localhost:18000"
    }
  },
  "verb": {
    "id": "https://w3id.org/xapi/acrossx/verbs/evaluated",
    "display": {
      "en": "evaluated"
    }
  },
  "object": {
    "objectType": "GroupActivity",
    "id" :"http://localhost:18000/xblock/block-v1:edX+DemoX+Demo_Course+type@problem+block@a0effb954cca4759994f1ac9e9434bf4",
    "definition": {
      "type": "http://adlnet.gov/expapi/activities/cmi.interaction",
      "name": {"en-US": "Multiple Choice Questions"},
      "interactionType": "other"
    }
  },
    "timestamp": "2023-08-03T06:31:39.005451+00:00",
  "context": {
    "contextActivities": {
      "parent": [
        {
          "id": "http://localhost:18000/course/course-v1:edX+DemoX+Demo_Course",
          "objectType": "Activity",
          "definition": {
            "name": {
              "en-US": "Demonstration Course"
            },
            "type": "http://adlnet.gov/expapi/activities/course"
          }
        }
      ]
    },
    "extensions": {
      "https://w3id.org/xapi/openedx/extension/transformer-version": "event-routing-backends@1.1.1",
      "https://w3id.org/xapi/openedx/extensions/session-id": "2c65c4e9e6a637feb42426fd35b5dac3"
    }
  }
},
{
  "id": "f3e25970-2c71-57a6-9ba9-8ba714e68f76",
  "result": {"response": "blue", "success": true},
  "version": "1.0.3",
  "actor": {
    "objectType": "Agent",
    "account": {
      "name": "32e08e30-f8ae-4ce2-94a8-c2bfe38a70cb",
      "homePage": "http://localhost:18000"
    }
  },
  "verb": {
    "id": "https://w3id.org/xapi/acrossx/verbs/evaluated",
    "display": {
      "en": "evaluated"
    }
  },
  "object": {
    "objectType": "Activity",
    "id" :"http://localhost:18000/xblock/block-v1:edX+DemoX+Demo_Course+type@problem+block@a0effb954cca4759994f1ac9e9434bf4_2_1",
    "definition": {
      "type": "http://adlnet.gov/expapi/activities/cmi.interaction",
      "description": {
        "en-US": "What color is the open ocean on a sunny day?"
      },
      "interactionType": "choice"
    }
  },
    "timestamp": "2023-08-03T06:31:39.005451+00:00",
  "context": {
    "statement": {
      "id": "7d8be6d2-15b9-5f0d-bdfc-4e2daee2eee4",
      "objectType": "StatementRef"
    },
    "contextActivities": {
      "parent": [
        {
          "objectType": "GroupActivity",
          "id" :"http://localhost:18000/xblock/block-v1:edX+DemoX+Demo_Course+type@problem+block@a0effb954cca4759994f1ac9e9434bf4",
          "definition": {
            "type": "http://adlnet.gov/expapi/activities/cmi.interaction",
            "name": {
              "en-US": "Multiple Choice Questions"
            },
            "interactionType": "other"
          }
        }
      ],
      "grouping": [
        {
          "id": "http://localhost:18000/course/course-v1:edX+DemoX+Demo_Course",
          "objectType": "Activity",
          "definition": {
            "name": {
              "en-US": "Demonstration Course"
            },
            "type": "http://adlnet.gov/expapi/activities/course"
          }
        }
      ]
    },
    "extensions": {
      "https://w3id.org/xapi/openedx/extension/transformer-version": "event-routing-backends@1.1.1",
      "https://w3id.org/xapi/openedx/extensions/session-id": "2c65c4e9e6a637feb42426fd35b5dac3"
    }
  }
},
{
  "id": "8a30b6a8-b9a3-5246-8a23-7bed05cfc031",
  "result": {"response": "[\"a piano\", \"a guitar\"]", "success": true},
  "version": "1.0.3",
  "actor": {
    "objectType": "Agent",
    "account": {
      "name": "32e08e30-f8ae-4ce2-94a8-c2bfe38a70cb",
      "homePage": "http://localhost:18000"
    }
  },
  "verb": {
    "id": "https://w3id.org/xapi/acrossx/verbs/evaluated",
    "display": {
      "en": "evaluated"
    }
  },
  "object": {
    "objectType": "Activity",
    "id" :"http://localhost:18000/xblock/block-v1:edX+DemoX+Demo_Course+type@problem+block@a0effb954cca4759994f1ac9e9434bf4_4_1",
    "definition": {
      "type": "http://adlnet.gov/expapi/activities/cmi.interaction",
      "description": {
        "en-US": "Which of the following are musical instruments?"
      },
      "interactionType": "choice"
    }
  },
    "timestamp": "2023-08-03T06:31:39.005451+00:00",
  "context": {
    "statement": {
      "id": "7d8be6d2-15b9-5f0d-bdfc-4e2daee2eee4",
      "objectType": "StatementRef"
    },
    "contextActivities": {
      "parent": [
        {
          "objectType": "GroupActivity",
          "id" :"http://localhost:18000/xblock/block-v1:edX+DemoX+Demo_Course+type@problem+block@a0effb954cca4759994f1ac9e9434bf4",
          "definition": {
            "type": "http://adlnet.gov/expapi/activities/cmi.interaction",
            "name": {
              "en-US": "Multiple Choice Questions"
            },
            "interactionType": "other"
          }
        }
      ],
      "grouping": [
        {
          "id": "http://localhost:18000/course/course-v1:edX+DemoX+Demo_Course",
          "objectType": "Activity",
          "definition": {
            "name": {
              "en-US": "Demonstration Course"
            },
            "type": "http://adlnet.gov/expapi/activities/course"
          }
        }
      ]
    },
    "extensions": {
      "https://w3id.org/xapi/openedx/extension/transformer-version": "event-routing-backends@1.1.1",
      "https://w3id.org/xapi/openedx/extensions/session-id": "2c65c4e9e6a637feb42426fd35b5dac3"
    }
  }
},
{
  "id": "b7d38689-d6fc-594e-9f8b-79cca5f7302c",
  "result": {"response": "a bookshelf", "success": false},
  "version": "1.0.3",
  "actor": {
    "objectType": "Agent",
    "account": {
      "name": "32e08e30-f8ae-4ce2-94a8-c2bfe38a70cb",
      "homePage": "http://localhost:18000"
    }
  },
  "verb": {
    "id": "https://w3id.org/xapi/acrossx/verbs/evaluated",
    "display": {
      "en": "evaluated"
    }
  },
  "object": {
    "objectType": "Activity",
    "id" :"http://localhost:18000/xblock/block-v1:edX+DemoX+Demo_Course+type@problem+block@a0effb954cca4759994f1ac9e9434bf4_3_1",
    "definition": {
      "type": "http://adlnet.gov/expapi/activities/cmi.interaction",
      "description": {
        "en-US": "Which piece of furniture is built for sitting?"
      },
      "interactionType": "choice"
    }
  },
    "timestamp": "2023-08-03T06:31:39.005451+00:00",
  "context": {
    "statement": {
      "id": "7d8be6d2-15b9-5f0d-bdfc-4e2daee2eee4",
      "objectType": "StatementRef"
    },
    "contextActivities": {
      "parent": [
        {
          "objectType": "GroupActivity",
          "id" :"http://localhost:18000/xblock/block-v1:edX+DemoX+Demo_Course+type@problem+block@a0effb954cca4759994f1ac9e9434bf4",
          "definition": {
            "type": "http://adlnet.gov/expapi/activities/cmi.interaction",
            "name": {
              "en-US": "Multiple Choice Questions"
            },
            "interactionType": "other"
          }
        }
      ],
      "grouping": [
        {
          "id": "http://localhost:18000/course/course-v1:edX+DemoX+Demo_Course",
          "objectType": "Activity",
          "definition": {
            "name": {
              "en-US": "Demonstration Course"
            },
            "type": "http://adlnet.gov/expapi/activities/course"
          }
        }
      ]
    },
    "extensions": {
      "https://w3id.org/xapi/openedx/extension/transformer-version": "event-routing-backends@1.1.1",
      "https://w3id.org/xapi/openedx/extensions/session-id": "2c65c4e9e6a637feb42426fd35b5dac3"
    }
  }
}
]
