{
    "id": "6d1f033b-3f70-458c-b53a-e6bb63cbaef9",
    "actor": {
        "objectType": "Agent",
        "account": {"homePage": "http://localhost:18000", "name": "32e08e30-f8ae-4ce2-94a8-c2bfe38a70cb"}
    },
    "context": {
        "contextActivities": {
            "parent": [
                {
                    "id": "http://localhost:18000/course/course-v1:edX+DemoX+Demo_Course",
                    "objectType": "Activity",
                    "definition": {
                      "name": {
                        "en-US": "Demonstration Course"
                      },
                      "type": "http://adlnet.gov/expapi/activities/course"
                    }
                }
            ]
        },
        "extensions": {
            "https://github.com/edx/event-routing-backends/blob/master/docs/xapi-extensions/eventVersion.rst": "1.0"
        }
    },
    "object": {
        "definition": {
            "type": "http://id.tincanapi.com/activitytype/solution"
        },
        "id": "http://localhost:18000/xblock/block-v1:edX+DemoX+Demo_Course+type@problem+block@3fc5461f86764ad7bdbdf6cbdde61e66/answer",
        "objectType": "Activity"
    },
    "timestamp": "2020-07-15T06:07:37.810384+00:00",
    "verb": {
        "display": {
            "en": "asked"
        },
        "id": "http://adlnet.gov/expapi/verbs/asked"
    },
    "version": "1.0.3"
}
