{
    "id": "6d1f033b-3f70-458c-b53a-e6bb63cbaef9",
    "actor": {
        "objectType": "Agent",
        "account": {"homePage": "http://localhost:18000", "name": "32e08e30-f8ae-4ce2-94a8-c2bfe38a70cb"}
    },
    "context": {
        "contextActivities": {
            "parent": [
                {
                    "id": "http://localhost:18000/course/course-v1:edX+DemoX+Demo_Course",
                    "objectType": "Activity",
                    "definition": {
                      "name": {
                        "en-US": "Demonstration Course"
                      },
                      "type": "http://adlnet.gov/expapi/activities/course"
                    }
                }
            ]
        },
        "extensions": {
            "https://w3id.org/xapi/openedx/extension/transformer-version": "event-routing-backends@1.1.1",
            "https://w3id.org/xapi/openedx/extensions/session-id": "95522acebdda19758bd98a456a640afa",
            "https://w3id.org/xapi/video/extensions/length": 194.0            
        }
    },
    "object": {
        "definition": {
            "type": "https://w3id.org/xapi/video/activity-type/video"
        },
        "id": "http://localhost:18000/xblock/block-v1:edX+DemoX+Demo_Course+type@video+block@0b9e39477cf34507a7a48f74be381fdd",
        "objectType": "Activity"
    },
    "result": {
        "extensions": {
            "https://w3id.org/xapi/video/extensions/time": 19.134,
            "https://w3id.org/xapi/video/extensions/cc-enabled": true
        }
    },
    "timestamp": "2022-11-16T08:05:01.963139+00:00",
    "verb": {
        "display": {
            "en": "interacted"
        },
        "id": "http://adlnet.gov/expapi/verbs/interacted"
    },
    "version": "1.0.3"
}
